FileWatcherService SocketNotifier active on FD: 22
Watching directory: "/home/auscode/Downloads" (wd: 1 )
Watching directory: "/home/auscode/Downloads/iso" (wd: 2 )
Watching directory: "/home/auscode/Downloads/Mind Map (1)" (wd: 3 )
Watching directory: "/home/auscode/Downloads/thunderbird.tmp" (wd: 4 )
Watching directory: "/home/auscode/Downloads/dwnld" (wd: 5 )
Watching directory: "/home/auscode/Downloads/Mind Map (2)" (wd: 6 )
Watching directory: "/home/auscode/Downloads/Mind Map (2)/files" (wd: 7 )
Watching directory: "/home/auscode/Downloads/music" (wd: 8 )
Watching directory: "/home/auscode/Downloads/Mind Map" (wd: 9 )
Watching directory: "/home/auscode/Downloads/Mind Map/files" (wd: 10 )
Watching directory: "/home/auscode/Downloads/google_videos" (wd: 11 )
Watching directory: "/home/auscode/Downloads/demotest" (wd: 12 )
Watching directory: "/home/auscode/Downloads/DaVinci_Resolve_20.2.1_Linux" (wd: 13 )
Watching directory: "/home/auscode/Downloads/mata_ka_channel" (wd: 14 )
Watching directory: "/home/auscode/Downloads/Antigravity" (wd: 15 )
Watching directory: "/home/auscode/Downloads/Antigravity/Antigravity-x64" (wd: 16 )
Watching directory: "/home/auscode/Downloads/Antigravity/Antigravity-x64/resources" (wd: 17 )
Watching directory: "/home/auscode/Downloads/Antigravity/Antigravity-x64/resources/app.asar.unpacked" (wd: 18 )
Watching directory: "/home/auscode/Downloads/Antigravity/Antigravity-x64/resources/bin" (wd: 19 )
Watching directory: "/home/auscode/Downloads/Antigravity/Antigravity-x64/locales" (wd: 20 )
Auto-tracing binary from command-line: "/bin/ls" with args: QList("-la")
total 544
drwxrwxr-x  7 auscode auscode   4096 Jul  1 22:30 .
drwxrwxr-x 16 auscode auscode   4096 May  7 18:48 ..
drwxrwxr-x  2 auscode auscode   4096 Jul  1 20:14 Backend
drwxrwxr-x  9 auscode auscode   4096 Jul  1 22:35 build
-rw-rw-r--  1 auscode auscode   1121 Jul  1 20:15 CMakeLists.txt
-rw-rw-r--  1 auscode auscode  39824 Jun 30 23:45 CMakeLists.txt.user
-rw-rw-r--  1 auscode auscode  39948 Jan 18 20:48 CMakeLists.txt.user.c7cce69
-rw-rw-r--  1 auscode auscode  39824 Jan 18 20:48 CMakeLists.txt.user.dc0c466
drwxrwxr-x  8 auscode auscode   4096 Jul  1 22:30 .git
-rw-rw-r--  1 auscode auscode     36 Jul  1 20:44 .gitignore
-rw-rw-r--  1 auscode auscode   2083 Jul  1 20:16 main.cpp
-rw-r--r--  1 auscode auscode   3623 Jul  1 20:15 Main.qml
-rw-rw-r--  1 auscode auscode 377374 Jan 18 20:54 project.png
-rw-rw-r--  1 auscode auscode   1766 Jan 18 20:55 README.md
drwxr-xr-x  2 auscode auscode   4096 Jul  1 20:16 scratch
-rw-rw-r--  1 auscode auscode   1616 Jul  1 22:35 syscall_trace.log
drwxrwxr-x  2 auscode auscode   4096 Jul  1 20:14 UI
qrc:/qt/qml/SmartPersonalDashboard/Main.qml:102:13: QML HomeComponent: Detected anchors on an item that is managed by a layout. This is undefined behavior; use Layout.alignment instead.
"[22:35:11] Syscall: execve(\"NULL\", []) -> 0"
"[22:35:11] Syscall: brk(0x0, 0x71bb941f8a18, 0x0) -> 0x5e9dd75b2000"
"[22:35:11] Syscall: mmap(addr=0x0, len=8192, prot=PROT_READ|PROT_WRITE, flags=MAP_PRIVATE, fd=-1) -> 0x71bb941ba000"
"[22:35:11] Syscall: access(0x71bb941f15b0, 0x4, 0x5e9dd0df2ac8) -> -1 (No such file or directory)"
"[22:35:11] Syscall: openat(AT_FDCWD, \"/etc/ld.so.cache\", 0x80000) -> 10"
"[22:35:11] Syscall: fstat(0xa, 0x7ffc99976760, 0x80000) -> 0"
"[22:35:11] Syscall: mmap(addr=0x0, len=120043, prot=PROT_READ, flags=MAP_PRIVATE, fd=10) -> 0x71bb9419c000"
"[22:35:11] Syscall: close(0xa, 0x1d4eb, 0x1) -> 0"
"[22:35:11] Syscall: openat(AT_FDCWD, \"/lib/x86_64-linux-gnu/libselinux.so.1\", 0x80000) -> 10"
"[22:35:11] Syscall: read(fd=10, count=832) -> 832"
"[22:35:11] Syscall: fstat(0xa, 0x7ffc99976830, 0xa) -> 0"
"[22:35:11] Syscall: mmap(addr=0x0, len=181960, prot=PROT_READ, flags=MAP_PRIVATE, fd=10) -> 0x71bb9416f000"
"[22:35:11] Syscall: mmap(addr=0x71bb94175000, len=118784, prot=PROT_READ|PROT_EXEC, flags=MAP_PRIVATE|MAP_ANONYMOUS, fd=10) -> 0x71bb94175000"
"[22:35:11] Syscall: mmap(addr=0x71bb94192000, len=24576, prot=PROT_READ, flags=MAP_PRIVATE|MAP_ANONYMOUS, fd=10) -> 0x71bb94192000"
"[22:35:11] Syscall: mmap(addr=0x71bb94198000, len=8192, prot=PROT_READ|PROT_WRITE, flags=MAP_PRIVATE|MAP_ANONYMOUS, fd=10) -> 0x71bb94198000"
"[22:35:11] Syscall: mmap(addr=0x71bb9419a000, len=5832, prot=PROT_READ|PROT_WRITE, flags=MAP_PRIVATE|MAP_ANONYMOUS, fd=-1) -> 0x71bb9419a000"
"[22:35:11] Syscall: close(0xa, 0x71bb941ba170, 0x71bb9416f300) -> 0"
"[22:35:11] Syscall: openat(AT_FDCWD, \"/lib/x86_64-linux-gnu/libc.so.6\", 0x80000) -> 10"
"[22:35:11] Syscall: read(fd=10, count=832) -> 832"
"[22:35:11] Syscall: pread64(0xa, 0x7ffc99976590, 0x310) -> 784"
"[22:35:11] Syscall: fstat(0xa, 0x7ffc99976810, 0xa) -> 0"
"[22:35:11] Syscall: pread64(0xa, 0x7ffc99976460, 0x310) -> 784"
"[22:35:11] Syscall: mmap(addr=0x0, len=2170256, prot=PROT_READ, flags=MAP_PRIVATE, fd=10) -> 0x71bb93e00000"
"[22:35:11] Syscall: mmap(addr=0x71bb93e28000, len=1605632, prot=PROT_READ|PROT_EXEC, flags=MAP_PRIVATE|MAP_ANONYMOUS, fd=10) -> 0x71bb93e28000"
"[22:35:11] Syscall: mmap(addr=0x71bb93fb0000, len=323584, prot=PROT_READ, flags=MAP_PRIVATE|MAP_ANONYMOUS, fd=10) -> 0x71bb93fb0000"
"[22:35:11] Syscall: mmap(addr=0x71bb93fff000, len=24576, prot=PROT_READ|PROT_WRITE, flags=MAP_PRIVATE|MAP_ANONYMOUS, fd=10) -> 0x71bb93fff000"
"[22:35:11] Syscall: mmap(addr=0x71bb94005000, len=52624, prot=PROT_READ|PROT_WRITE, flags=MAP_PRIVATE|MAP_ANONYMOUS, fd=-1) -> 0x71bb94005000"
"[22:35:11] Syscall: close(0xa, 0x71bb941ba6b0, 0x1) -> 0"
"[22:35:11] Syscall: openat(AT_FDCWD, \"/lib/x86_64-linux-gnu/libpcre2-8.so.0\", 0x80000) -> 10"
"[22:35:11] Syscall: read(fd=10, count=832) -> 832"
"[22:35:11] Syscall: fstat(0xa, 0x7ffc999767f0, 0xa) -> 0"
"[22:35:11] Syscall: mmap(addr=0x0, len=627472, prot=PROT_READ, flags=MAP_PRIVATE, fd=10) -> 0x71bb940d5000"
"[22:35:11] Syscall: mmap(addr=0x71bb940d7000, len=450560, prot=PROT_READ|PROT_EXEC, flags=MAP_PRIVATE|MAP_ANONYMOUS, fd=10) -> 0x71bb940d7000"
"[22:35:11] Syscall: mmap(addr=0x71bb94145000, len=163840, prot=PROT_READ, flags=MAP_PRIVATE|MAP_ANONYMOUS, fd=10) -> 0x71bb94145000"
"[22:35:11] Syscall: mmap(addr=0x71bb9416d000, len=8192, prot=PROT_READ|PROT_WRITE, flags=MAP_PRIVATE|MAP_ANONYMOUS, fd=10) -> 0x71bb9416d000"
"[22:35:11] Syscall: close(0xa, 0x71bb941babf0, 0x71bb940d52c8) -> 0"
"[22:35:11] Syscall: mmap(addr=0x0, len=12288, prot=PROT_READ|PROT_WRITE, flags=MAP_PRIVATE, fd=-1) -> 0x71bb940d2000"
"[22:35:11] Syscall: arch_prctl(0x1002, 0x71bb940d2800, 0xffff8e446bf2ce70) -> 0"
"[22:35:11] Syscall: set_tid_address(0x71bb940d2ad0, 0x71bb940d2800, 0x71bb941fb0c8) -> 11261"
"[22:35:11] Syscall: set_robust_list(0x71bb940d2ae0, 0x18, 0x71bb941fb0c8) -> 0"
"[22:35:11] Syscall: rseq(0x71bb940d3120, 0x20, 0x0) -> 0"
"[22:35:11] Syscall: mprotect(0x71bb93fff000, 0x4000, 0x1) -> 0"
"[22:35:11] Syscall: mprotect(0x71bb9416d000, 0x1000, 0x1) -> 0"
"[22:35:11] Syscall: mprotect(0x71bb94198000, 0x1000, 0x1) -> 0"
"[22:35:11] Syscall: mprotect(0x5e9dd0df1000, 0x2000, 0x1) -> 0"
"[22:35:11] Syscall: mprotect(0x71bb941f8000, 0x2000, 0x1) -> 0"
"[22:35:11] Syscall: prlimit64(0x0, 0x3, 0x0) -> 0"
"[22:35:11] Syscall: munmap(0x71bb9419c000, 0x1d4eb, 0x0) -> 0"
"[22:35:11] Syscall: statfs(0x71bb941921f7, 0x7ffc999775e0, 0x0) -> -1 (No such file or directory)"
"[22:35:11] Syscall: statfs(0x71bb941921fe, 0x7ffc999775e0, 0xfffffffffffffea0) -> -1 (No such file or directory)"
"[22:35:11] Syscall: getrandom(0x71bb9400a178, 0x8, 0x1) -> 8"
"[22:35:11] Syscall: brk(0x0, 0x71bb94003b20, 0x71bb94003b20) -> 0x5e9dd75b2000"
"[22:35:11] Syscall: brk(0x5e9dd75d3000, 0x71bb94003b20, 0x71bb9400ad70) -> 0x5e9dd75d3000"
"[22:35:11] Syscall: openat(AT_FDCWD, \"/proc/filesystems\", 0x80000) -> 10"
"[22:35:11] Syscall: fstat(0xa, 0x7ffc99977480, 0x71bb94001ee0) -> 0"
"[22:35:11] Syscall: read(fd=10, count=1024) -> 407"
"[22:35:11] Syscall: read(fd=10, count=1024) -> 0"
"[22:35:11] Syscall: close(0xa, 0x1, 0x71bb94001ee0) -> 0"
"[22:35:11] Syscall: access(0x71bb9419221f, 0x0, 0x5e9dd75b2) -> -1 (No such file or directory)"
"[22:35:11] Syscall: openat(AT_FDCWD, \"/usr/lib/locale/locale-archive\", 0x80000) -> 10"
"[22:35:11] Syscall: fstat(0xa, 0x71bb94004800, 0x0) -> 0"
"[22:35:11] Syscall: mmap(addr=0x0, len=5719296, prot=PROT_READ, flags=MAP_PRIVATE, fd=10) -> 0x71bb93800000"
"[22:35:11] Syscall: close(0xa, 0x574500, 0x2ba0) -> 0"
"[22:35:11] Syscall: ioctl(0x1, 0x5401, 0x7ffc99977480) -> -1 (Inappropriate ioctl for device)"
"[22:35:11] Syscall: openat(AT_FDCWD, \"/usr/share/locale/locale.alias\", 0x80000) -> 10"
"[22:35:11] Syscall: fstat(0xa, 0x7ffc99976eb0, 0x71bb94001ee0) -> 0"
"[22:35:11] Syscall: read(fd=10, count=4096) -> 2996"
"[22:35:11] Syscall: read(fd=10, count=4096) -> 0"
"[22:35:11] Syscall: close(0xa, 0x1, 0x71bb94001ee0) -> 0"
"[22:35:11] Syscall: openat(AT_FDCWD, \"/usr/share/locale/en_US.UTF-8/LC_TIME/coreutils.mo\", O_RDONLY) -> -1 (No such file or directory)"
"[22:35:11] Syscall: openat(AT_FDCWD, \"/usr/share/locale/en_US.utf8/LC_TIME/coreutils.mo\", O_RDONLY) -> -1 (No such file or directory)"
"[22:35:11] Syscall: openat(AT_FDCWD, \"/usr/share/locale/en_US/LC_TIME/coreutils.mo\", O_RDONLY) -> -1 (No such file or directory)"
"[22:35:11] Syscall: openat(AT_FDCWD, \"/usr/share/locale/en.UTF-8/LC_TIME/coreutils.mo\", O_RDONLY) -> -1 (No such file or directory)"
"[22:35:11] Syscall: openat(AT_FDCWD, \"/usr/share/locale/en.utf8/LC_TIME/coreutils.mo\", O_RDONLY) -> -1 (No such file or directory)"
"[22:35:11] Syscall: openat(AT_FDCWD, \"/usr/share/locale/en/LC_TIME/coreutils.mo\", O_RDONLY) -> -1 (No such file or directory)"
"[22:35:11] Syscall: openat(AT_FDCWD, \"/usr/lib/x86_64-linux-gnu/gconv/gconv-modules.cache\", 0x80000) -> 10"
"[22:35:11] Syscall: fstat(0xa, 0x7ffc99976940, 0x0) -> 0"
"[22:35:11] Syscall: mmap(addr=0x0, len=27028, prot=PROT_READ, flags=MAP_SHARED, fd=10) -> 0x71bb941b3000"
"[22:35:11] Syscall: close(0xa, 0x6994, 0x1) -> 0"
"[22:35:11] Syscall: futex(0x71bb9400472c, 0x81, 0x7fffffff) -> 0"
"[22:35:11] Syscall: openat(AT_FDCWD, \".\", 0x90800) -> 10"
"[22:35:11] Syscall: fstat(0xa, 0x7ffc99977150, 0x0) -> 0"
"[22:35:11] Syscall: getdents64(0xa, 0x5e9dd75baab0, 0x8000) -> 568"
"[22:35:11] Syscall: statx(0xffffff9c, 0x7ffc99976ec0, 0x900) -> 0"
"[22:35:11] Syscall: lgetxattr(0x7ffc99976ec0, 0x71bb94192197, 0x5e9dd75b42c0) -> -1 (No data available)"
"[22:35:11] Syscall: listxattr(0x7ffc99976ec0, 0x7ffc99976f30, 0x98) -> 0"
"[22:35:11] Syscall: socket(0x1, 0x80801, 0x0) -> 11"
"[22:35:11] Syscall: connect(fd=11, unix:/var/run/nscd/socket) -> -1 (No such file or directory)"
"[22:35:11] Syscall: close(0xb, 0x7ffc99976960, 0xfffffffffffffea0) -> 0"
"[22:35:11] Syscall: socket(0x1, 0x80801, 0x0) -> 11"
"[22:35:11] Syscall: connect(fd=11, unix:/var/run/nscd/socket) -> -1 (No such file or directory)"
"[22:35:11] Syscall: close(0xb, 0x7ffc99976b50, 0xfffffffffffffea0) -> 0"
"[22:35:11] Syscall: newfstatat(0xffffff9c, 0x71bb93fced92, 0x7ffc99976a60) -> 0"
"[22:35:11] Syscall: newfstatat(0xffffff9c, 0x71bb93fcb03d, 0x7ffc99976bb0) -> 0"
"[22:35:11] Syscall: openat(AT_FDCWD, \"/etc/nsswitch.conf\", 0x80000) -> 11"
"[22:35:11] Syscall: fstat(0xb, 0x7ffc99976980, 0x71bb94001ee0) -> 0"
"[22:35:11] Syscall: read(fd=11, count=4096) -> 594"
"[22:35:11] Syscall: read(fd=11, count=4096) -> 0"
"[22:35:11] Syscall: fstat(0xb, 0x7ffc99976a60, 0x0) -> 0"
"[22:35:11] Syscall: close(0xb, 0x1, 0x71bb94001ee0) -> 0"
"[22:35:11] Syscall: openat(AT_FDCWD, \"/etc/passwd\", 0x80000) -> 11"
"[22:35:11] Syscall: fstat(0xb, 0x7ffc99976ad0, 0x71bb94001ee0) -> 0"
"[22:35:11] Syscall: lseek(0xb, 0x0, 0x0) -> 0"
"[22:35:11] Syscall: read(fd=11, count=4096) -> 3032"
"[22:35:11] Syscall: close(0xb, 0x1, 0x71bb94001ee0) -> 0"
"[22:35:11] Syscall: socket(0x1, 0x80801, 0x0) -> 11"
"[22:35:11] Syscall: connect(fd=11, unix:/var/run/nscd/socket) -> -1 (No such file or directory)"
"[22:35:11] Syscall: close(0xb, 0x7ffc99976510, 0xfffffffffffffea0) -> 0"
"[22:35:11] Syscall: socket(0x1, 0x80801, 0x0) -> 11"
"[22:35:11] Syscall: connect(fd=11, unix:/var/run/nscd/socket) -> -1 (No such file or directory)"
"[22:35:11] Syscall: close(0xb, 0x7ffc99976700, 0xfffffffffffffea0) -> 0"
"[22:35:11] Syscall: newfstatat(0xffffff9c, 0x71bb93fced92, 0x7ffc99976a50) -> 0"
"[22:35:11] Syscall: openat(AT_FDCWD, \"/etc/group\", 0x80000) -> 11"
"[22:35:11] Syscall: fstat(0xb, 0x7ffc99976ac0, 0x71bb94001ee0) -> 0"
"[22:35:11] Syscall: lseek(0xb, 0x0, 0x0) -> 0"
"[22:35:11] Syscall: read(fd=11, count=4096) -> 1235"
"[22:35:11] Syscall: close(0xb, 0x1, 0x71bb94001ee0) -> 0"
"[22:35:11] Syscall: statx(0xffffff9c, 0x7ffc99976eb0, 0x900) -> 0"
"[22:35:11] Syscall: lgetxattr(0x7ffc99976eb0, 0x71bb94192197, 0x5e9dd75c2f10) -> -1 (No data available)"
"[22:35:11] Syscall: listxattr(0x7ffc99976eb0, 0x7ffc99976f30, 0x98) -> 0"
"[22:35:11] Syscall: statx(0xffffff9c, 0x7ffc99976eb0, 0x900) -> 0"
"[22:35:11] Syscall: lgetxattr(0x7ffc99976eb0, 0x71bb94192197, 0x5e9dd75c3040) -> -1 (No data available)"
"[22:35:11] Syscall: listxattr(0x7ffc99976eb0, 0x7ffc99976f30, 0x98) -> 0"
"[22:35:11] Syscall: statx(0xffffff9c, 0x7ffc99976ea0, 0x900) -> 0"
"[22:35:11] Syscall: lgetxattr(0x7ffc99976ea0, 0x71bb94192197, 0x5e9dd75c3170) -> -1 (No data available)"
"[22:35:11] Syscall: listxattr(0x7ffc99976ea0, 0x7ffc99976f30, 0x98) -> 0"
"[22:35:11] Syscall: statx(0xffffff9c, 0x7ffc99976eb0, 0x900) -> 0"
"[22:35:11] Syscall: lgetxattr(0x7ffc99976eb0, 0x71bb94192197, 0x5e9dd75c32b0) -> -1 (No data available)"
"[22:35:11] Syscall: listxattr(0x7ffc99976eb0, 0x7ffc99976f30, 0x98) -> 0"
"[22:35:11] Syscall: statx(0xffffff9c, 0x7ffc99976eb0, 0x900) -> 0"
"[22:35:11] Syscall: lgetxattr(0x7ffc99976eb0, 0x71bb94192197, 0x5e9dd75c33e0) -> -1 (No data available)"
"[22:35:11] Syscall: listxattr(0x7ffc99976eb0, 0x7ffc99976f30, 0x98) -> 0"
"[22:35:11] Syscall: statx(0xffffff9c, 0x7ffc99976ec0, 0x900) -> 0"
"[22:35:11] Syscall: lgetxattr(0x7ffc99976ec0, 0x71bb94192197, 0x5e9dd75c3510) -> -1 (No data available)"
"[22:35:11] Syscall: listxattr(0x7ffc99976ec0, 0x7ffc99976f30, 0x98) -> 0"
"[22:35:11] Syscall: statx(0xffffff9c, 0x7ffc99976ec0, 0x900) -> 0"
"[22:35:11] Syscall: lgetxattr(0x7ffc99976ec0, 0x71bb94192197, 0x5e9dd75c3640) -> -1 (No data available)"
"[22:35:11] Syscall: listxattr(0x7ffc99976ec0, 0x7ffc99976f30, 0x98) -> 0"
"[22:35:11] Syscall: statx(0xffffff9c, 0x7ffc99976eb0, 0x900) -> 0"
"[22:35:11] Syscall: lgetxattr(0x7ffc99976eb0, 0x71bb94192197, 0x5e9dd75c3660) -> -1 (No data available)"
"[22:35:11] Syscall: listxattr(0x7ffc99976eb0, 0x7ffc99976f30, 0x98) -> 0"
"[22:35:11] Syscall: statx(0xffffff9c, 0x7ffc99976ec0, 0x900) -> 0"
"[22:35:11] Syscall: lgetxattr(0x7ffc99976ec0, 0x71bb94192197, 0x5e9dd75c3680) -> -1 (No data available)"
"[22:35:11] Syscall: listxattr(0x7ffc99976ec0, 0x7ffc99976f30, 0x98) -> 0"
"[22:35:11] Syscall: statx(0xffffff9c, 0x7ffc99976ec0, 0x900) -> 0"
"[22:35:11] Syscall: lgetxattr(0x7ffc99976ec0, 0x71bb94192197, 0x5e9dd75c36a0) -> -1 (No data available)"
"[22:35:11] Syscall: listxattr(0x7ffc99976ec0, 0x7ffc99976f30, 0x98) -> 0"
"[22:35:11] Syscall: statx(0xffffff9c, 0x7ffc99976eb0, 0x900) -> 0"
"[22:35:11] Syscall: lgetxattr(0x7ffc99976eb0, 0x71bb94192197, 0x5e9dd75c36c0) -> -1 (No data available)"
"[22:35:11] Syscall: listxattr(0x7ffc99976eb0, 0x7ffc99976f30, 0x98) -> 0"
"[22:35:11] Syscall: statx(0xffffff9c, 0x7ffc99976eb0, 0x900) -> 0"
"[22:35:11] Syscall: lgetxattr(0x7ffc99976eb0, 0x71bb94192197, 0x5e9dd75c36e0) -> -1 (No data available)"
"[22:35:11] Syscall: listxattr(0x7ffc99976eb0, 0x7ffc99976f30, 0x98) -> 0"
"[22:35:11] Syscall: statx(0xffffff9c, 0x7ffc99976ea0, 0x900) -> 0"
"[22:35:11] Syscall: lgetxattr(0x7ffc99976ea0, 0x71bb94192197, 0x5e9dd75c3700) -> -1 (No data available)"
"[22:35:11] Syscall: listxattr(0x7ffc99976ea0, 0x7ffc99976f30, 0x98) -> 0"
"[22:35:11] Syscall: statx(0xffffff9c, 0x7ffc99976eb0, 0x900) -> 0"
"[22:35:11] Syscall: lgetxattr(0x7ffc99976eb0, 0x71bb94192197, 0x5e9dd75c3730) -> -1 (No data available)"
"[22:35:11] Syscall: listxattr(0x7ffc99976eb0, 0x7ffc99976f30, 0x98) -> 0"
"[22:35:11] Syscall: statx(0xffffff9c, 0x7ffc99976eb0, 0x900) -> 0"
"[22:35:11] Syscall: lgetxattr(0x7ffc99976eb0, 0x71bb94192197, 0x5e9dd75c3750) -> -1 (No data available)"
"[22:35:11] Syscall: listxattr(0x7ffc99976eb0, 0x7ffc99976f30, 0x98) -> 0"
"[22:35:11] Syscall: statx(0xffffff9c, 0x7ffc99976eb0, 0x900) -> 0"
"[22:35:11] Syscall: lgetxattr(0x7ffc99976eb0, 0x71bb94192197, 0x5e9dd75c3770) -> -1 (No data available)"
"[22:35:11] Syscall: listxattr(0x7ffc99976eb0, 0x7ffc99976f30, 0x98) -> 0"
"[22:35:11] Syscall: getdents64(0xa, 0x5e9dd75baab0, 0x8000) -> 0"
"[22:35:11] Syscall: close(0xa, 0x8040, 0x71bb94003b20) -> 0"
"[22:35:11] Syscall: openat(AT_FDCWD, \"/usr/share/locale/en_US.UTF-8/LC_MESSAGES/coreutils.mo\", O_RDONLY) -> -1 (No such file or directory)"
"[22:35:11] Syscall: openat(AT_FDCWD, \"/usr/share/locale/en_US.utf8/LC_MESSAGES/coreutils.mo\", O_RDONLY) -> -1 (No such file or directory)"
"[22:35:11] Syscall: openat(AT_FDCWD, \"/usr/share/locale/en_US/LC_MESSAGES/coreutils.mo\", O_RDONLY) -> -1 (No such file or directory)"
"[22:35:11] Syscall: openat(AT_FDCWD, \"/usr/share/locale/en.UTF-8/LC_MESSAGES/coreutils.mo\", O_RDONLY) -> -1 (No such file or directory)"
"[22:35:11] Syscall: openat(AT_FDCWD, \"/usr/share/locale/en.utf8/LC_MESSAGES/coreutils.mo\", O_RDONLY) -> -1 (No such file or directory)"
"[22:35:11] Syscall: openat(AT_FDCWD, \"/usr/share/locale/en/LC_MESSAGES/coreutils.mo\", O_RDONLY) -> -1 (No such file or directory)"
"[22:35:11] Syscall: openat(AT_FDCWD, \"/usr/share/locale-langpack/en_US.UTF-8/LC_MESSAGES/coreutils.mo\", O_RDONLY) -> -1 (No such file or directory)"
"[22:35:11] Syscall: openat(AT_FDCWD, \"/usr/share/locale-langpack/en_US.utf8/LC_MESSAGES/coreutils.mo\", O_RDONLY) -> -1 (No such file or directory)"
"[22:35:11] Syscall: openat(AT_FDCWD, \"/usr/share/locale-langpack/en_US/LC_MESSAGES/coreutils.mo\", O_RDONLY) -> -1 (No such file or directory)"
"[22:35:11] Syscall: openat(AT_FDCWD, \"/usr/share/locale-langpack/en.UTF-8/LC_MESSAGES/coreutils.mo\", O_RDONLY) -> -1 (No such file or directory)"
"[22:35:11] Syscall: openat(AT_FDCWD, \"/usr/share/locale-langpack/en.utf8/LC_MESSAGES/coreutils.mo\", O_RDONLY) -> -1 (No such file or directory)"
"[22:35:11] Syscall: openat(AT_FDCWD, \"/usr/share/locale-langpack/en/LC_MESSAGES/coreutils.mo\", O_RDONLY) -> 10"
"[22:35:11] Syscall: fstat(0xa, 0x7ffc99976f40, 0x0) -> 0"
"[22:35:11] Syscall: mmap(addr=0x0, len=613, prot=PROT_READ, flags=MAP_PRIVATE, fd=10) -> 0x71bb941b2000"
"[22:35:11] Syscall: close(0xa, 0x265, 0x1) -> 0"
"[22:35:11] Syscall: fstat(0x1, 0x7ffc99977050, 0x71bb94001ee0) -> 0"
"[22:35:11] Syscall: openat(AT_FDCWD, \"/etc/localtime\", 0x80000) -> 10"
"[22:35:11] Syscall: fstat(0xa, 0x7ffc99975fd0, 0x8) -> 0"
"[22:35:11] Syscall: fstat(0xa, 0x7ffc99975dd0, 0x71bb94001ee0) -> 0"
"[22:35:11] Syscall: read(fd=10, count=4096) -> 285"
"[22:35:11] Syscall: lseek(0xa, 0xffffffffffffff57, 0x1) -> 116"
"[22:35:11] Syscall: read(fd=10, count=4096) -> 169"
"[22:35:11] Syscall: close(0xa, 0x1, 0x71bb94001ee0) -> 0"
"[22:35:11] Syscall: write(fd=1, count=1055) -> 1055"
"[22:35:11] Syscall: close(0x1, 0x5e9dd75bb5e0, 0x71bb94001ee0) -> 0"
"[22:35:11] Syscall: close(0x2, 0x1, 0x71bb94001ee0) -> 0"
"[22:35:11] Syscall: exit_group(status=0) -> 0"
"[22:35:11] FileEvent - READ | PID: - | Proc: unknown | Path: /home/auscode/Downloads/iso"
"[22:35:11] FileEvent - READ | PID: - | Proc: unknown | Path: /home/auscode/Downloads/Mind Map (1)"
"[22:35:11] FileEvent - READ | PID: - | Proc: unknown | Path: /home/auscode/Downloads/thunderbird.tmp"
"[22:35:11] FileEvent - READ | PID: - | Proc: unknown | Path: /home/auscode/Downloads/dwnld"
"[22:35:11] FileEvent - READ | PID: - | Proc: unknown | Path: /home/auscode/Downloads/Mind Map (2)"
"[22:35:11] FileEvent - READ | PID: - | Proc: unknown | Path: /home/auscode/Downloads/Mind Map (2)/files"
"[22:35:11] FileEvent - READ | PID: - | Proc: unknown | Path: /home/auscode/Downloads/Mind Map (2)"
"[22:35:11] FileEvent - READ | PID: - | Proc: unknown | Path: /home/auscode/Downloads/music"
"[22:35:11] FileEvent - READ | PID: - | Proc: unknown | Path: /home/auscode/Downloads/Mind Map"
"[22:35:11] FileEvent - READ | PID: - | Proc: unknown | Path: /home/auscode/Downloads/Mind Map/files"
"[22:35:11] FileEvent - READ | PID: - | Proc: unknown | Path: /home/auscode/Downloads/Mind Map"
"[22:35:11] FileEvent - READ | PID: - | Proc: unknown | Path: /home/auscode/Downloads/google_videos"
"[22:35:11] FileEvent - READ | PID: - | Proc: unknown | Path: /home/auscode/Downloads/demotest"
"[22:35:11] FileEvent - READ | PID: - | Proc: unknown | Path: /home/auscode/Downloads/DaVinci_Resolve_20.2.1_Linux"
"[22:35:12] FileEvent - READ | PID: - | Proc: unknown | Path: /home/auscode/Downloads/mata_ka_channel"
"[22:35:12] FileEvent - READ | PID: - | Proc: unknown | Path: /home/auscode/Downloads/Antigravity"
"[22:35:12] FileEvent - READ | PID: - | Proc: unknown | Path: /home/auscode/Downloads/Antigravity/Antigravity-x64"
"[22:35:12] FileEvent - READ | PID: - | Proc: unknown | Path: /home/auscode/Downloads/Antigravity/Antigravity-x64/resources"
"[22:35:12] FileEvent - READ | PID: - | Proc: unknown | Path: /home/auscode/Downloads/Antigravity/Antigravity-x64/resources/app.asar.unpacked"
"[22:35:12] FileEvent - READ | PID: - | Proc: unknown | Path: /home/auscode/Downloads/Antigravity/Antigravity-x64/resources/app.asar.unpacked"
"[22:35:12] FileEvent - READ | PID: - | Proc: unknown | Path: /home/auscode/Downloads/Antigravity/Antigravity-x64/resources/bin"
"[22:35:12] FileEvent - READ | PID: - | Proc: unknown | Path: /home/auscode/Downloads/Antigravity/Antigravity-x64/resources"
"[22:35:12] FileEvent - READ | PID: - | Proc: unknown | Path: /home/auscode/Downloads/Antigravity/Antigravity-x64/locales"
"[22:35:12] FileEvent - READ | PID: - | Proc: unknown | Path: /home/auscode/Downloads/Antigravity/Antigravity-x64"
"[22:35:12] FileEvent - READ | PID: - | Proc: unknown | Path: /home/auscode/Downloads/Antigravity"
